ï¿½xï¿½F+Úšï¿½ets Jul 29 2019 12:21:46

rst:0x1 (POWERON_RESET),boot:0x13 (SPI_FAST_FLASH_BOOT)
configsip: 0, SPIWP:0xee
clk_drv:0x00,q_drv:0x00,d_drv:0x00,cs0_drv:0x00,hd_drv:0x00,wp_drv:0x00
mode:DIO, clock div:2
load:0x3fff0030,len:7172
load:0x40078000,len:15540
load:0x40080400,len:4
ho 8 tail 4 room 4
load:0x40080404,len:3904
entry 0x40080640
[0;32mI (31) boot: ESP-IDF HEAD-HASH-NOTFOUND 2nd stage bootloader[0m
[0;32mI (31) boot: compile time Oct  7 2024 14:02:18[0m
[0;32mI (32) boot: Multicore bootloader[0m
[0;32mI (36) boot: chip revision: v3.1[0m
[0;32mI (40) boot.esp32: SPI Speed      : 40MHz[0m
[0;32mI (45) boot.esp32: SPI Mode       : DIO[0m
[0;32mI (49) boot.esp32: SPI Flash Size : 4MB[0m
[0;32mI (54) boot: Enabling RNG early entropy source...[0m
[0;32mI (59) boot: Partition Table:[0m
[0;32mI (63) boot: ## Label            Usage          Type ST Offset   Length[0m
[0;32mI (70) boot:  0 nvs              WiFi data        01 02 00009000 00006000[0m
[0;32mI (78) boot:  1 phy_init         RF data          01 01 0000f000 00001000[0m
[0;32mI (85) boot:  2 factory          factory app      00 00 00010000 00100000[0m
[0;32mI (93) boot: End of partition table[0m
[0;32mI (97) esp_image: segment 0: paddr=00010020 vaddr=3f400020 size=3f02ch (258092) map[0m
[0;32mI (194) esp_image: segment 1: paddr=0004f054 vaddr=3ff80000 size=00004h (     4) load[0m
[0;32mI (194) esp_image: segment 2: paddr=0004f060 vaddr=3ffb0000 size=00fb8h (  4024) load[0m
[0;32mI (201) esp_image: segment 3: paddr=00050020 vaddr=400d0020 size=1a248h (107080) map[0m
[0;32mI (245) esp_image: segment 4: paddr=0006a270 vaddr=3ffb0fb8 size=01148h (  4424) load[0m
[0;32mI (247) esp_image: segment 5: paddr=0006b3c0 vaddr=40080000 size=0e320h ( 58144) load[0m
[0;32mI (280) boot: Loaded app from partition at offset 0x10000[0m
[0;32mI (280) boot: Disabling RNG early entropy source...[0m
[0;32mI (292) cpu_start: Multicore app[0m
[0;32mI (300) cpu_start: Pro cpu start user code[0m
[0;32mI (300) cpu_start: cpu freq: 240000000 Hz[0m
[0;32mI (300) cpu_start: Application information:[0m
[0;32mI (303) cpu_start: Project name:     lab04[0m
[0;32mI (308) cpu_start: App version:      59ca4b8-dirty[0m
[0;32mI (314) cpu_start: Compile time:     Oct  7 2024 14:02:12[0m
[0;32mI (320) cpu_start: ELF file SHA256:  72d3bdfae...[0m
[0;32mI (325) cpu_start: ESP-IDF:          HEAD-HASH-NOTFOUND[0m
[0;32mI (331) cpu_start: Min chip rev:     v0.0[0m
[0;32mI (336) cpu_start: Max chip rev:     v3.99 [0m
[0;32mI (341) cpu_start: Chip rev:         v3.1[0m
[0;32mI (346) heap_init: Initializing. RAM available for dynamic allocation:[0m
[0;32mI (353) heap_init: At 3FFAE6E0 len 00001920 (6 KiB): DRAM[0m
[0;32mI (359) heap_init: At 3FFB2F78 len 0002D088 (180 KiB): DRAM[0m
[0;32mI (365) heap_init: At 3FFE0440 len 00003AE0 (14 KiB): D/IRAM[0m
[0;32mI (371) heap_init: At 3FFE4350 len 0001BCB0 (111 KiB): D/IRAM[0m
[0;32mI (378) heap_init: At 4008E320 len 00011CE0 (71 KiB): IRAM[0m
[0;32mI (385) spi_flash: detected chip: generic[0m
[0;32mI (388) spi_flash: flash io: dio[0m
[0;32mI (393) main_task: Started on CPU0[0m
[0;32mI (403) main_task: Calling app_main()[0m
[0;32mI (403) lab04: Start up[0m
[0;32mI (403) lcd: GPIO_BL=14[0m
[0;32mI (403) gpio: GPIO[14]| InputEn: 0| OutputEn: 0| OpenDrain: 0| Pullup: 1| Pulldown: 0| Intr:0 [0m
[0;32mI (413) lcd: GPIO_CS=5[0m
[0;32mI (413) gpio: GPIO[5]| InputEn: 0| OutputEn: 0| OpenDrain: 0| Pullup: 1| Pulldown: 0| Intr:0 [0m
[0;32mI (423) lcd: GPIO_DC=4[0m
[0;32mI (423) gpio: GPIO[4]| InputEn: 0| OutputEn: 0| OpenDrain: 0| Pullup: 1| Pulldown: 0| Intr:0 [0m
[0;32mI (433) lcd: GPIO_RST=-1[0m
[0;32mI (443) lcd: GPIO_MOSI=23[0m
[0;32mI (443) lcd: GPIO_SCLK=18[0m
[0;32mI (453) lcd: Enable Display Inversion[0m
[0;32mI (513) gpio: GPIO[25]| InputEn: 0| OutputEn: 1| OpenDrain: 0| Pullup: 0| Pulldown: 0| Intr:0 [0m
[0;32mI (513) sound: alarm_count: 42[0m
[0;32mI (513) sound: Start DAC timer[0m
